[distractionkiller.wordpress.com/index.html]
[backblue.gif]
[fade.gif]
[index.html]
[s0.wp.com/wp-content/mu-plugins/global-print/global-print6805.css]
[distractionkiller.wordpress.com/feed/index.html]
[distractionkiller.wordpress.com/xmlrpc0db0.php]
[s0.wp.com/i/webclip.png]
[distractionkiller.wordpress.com/comments/feed/index.html]
[distractionkiller.wordpress.com/osd.xml]
[distractionkiller.files.wordpress.com/2016/11/1.jpg]
[distractionkiller.files.wordpress.com/2016/11/1f3f0.jpg]
[distractionkiller.wordpress.com/contact/index.html]
[distractionkiller.wordpress.com/documents/index.html]
[distractionkiller.wordpress.com/video/index.html]
[distractionkiller.wordpress.com/home/notification_software/index.html]
[distractionkiller.files.wordpress.com/2016/11/notification_software2db3.png]
[distractionkiller.wordpress.com/documents/block_software/index.html]
[distractionkiller.files.wordpress.com/2016/11/block_software26b6.png]
[distractionkiller.wordpress.com/home/notification_keyword/index.html]
[distractionkiller.files.wordpress.com/2016/11/notification_keywordd601.png]
[distractionkiller.wordpress.com/home/block_web/index.html]
[distractionkiller.files.wordpress.com/2016/11/block_webd601.png]
[distractionkiller.wordpress.com/home/leaving/index.html]
[distractionkiller.files.wordpress.com/2016/11/leavingd601.png]
[distractionkiller.wordpress.com/home/preference_web_-1/index.html]
[distractionkiller.files.wordpress.com/2016/11/preference_web_-1d601.png]
[0.gravatar.com/js/gprofiles88e1.js]
[s1.wp.com/wp-content/mu-plugins/gravatar-hovercards/wpgrohoc3b6.js]
[s0.wp.com/wp-content/mu-plugins/carousel/jetpack-carousel8aea.css]
[s1.wp.com/wp-content/mu-plugins/tiled-gallery/tiled-galleryf830.css]
[distractionkiller.wordpress.com/wp-content/plugins/ie-sitemode/custom-jumplist.php]
[stats.wp.com/wb53b.js]
[s.skimresources.com/js/725X1342.skimlinks.js]
[pixel.wp.com/b0b80.gif]
[distractionkiller.wordpress.com/index.html]
[distractionkiller.wordpress.com/xmlrpc.php]
[s0.wp.com/wp-content/mu-plugins/global-print/global-print6805.css]
[distractionkiller.files.wordpress.com/2016/11/fca89c.png]
[distractionkiller.files.wordpress.com/2016/11/wja89c.png]
[distractionkiller.files.wordpress.com/2016/11/zwa89c.png]
[distractionkiller.files.wordpress.com/2016/11/qfa89c.png]
[distractionkiller.wordpress.com/contact/index.html]
[distractionkiller.wordpress.com/documents/index.html]
[distractionkiller.wordpress.com/video/index.html]
[s1.wp.com/wp-content/mu-plugins/responsive-videos/responsive-videos47eb.css]
[s1.wp.com/wp-content/mu-plugins/highlander-comments/style0196.css]
[s1.wp.com/_static/indexeafa.html]
[distractionkiller.files.wordpress.com/2016/11/notification_software.png]
[distractionkiller.wordpress.com/home/notification_software/feed/index.html]
[distractionkiller.files.wordpress.com/2016/11/notification_softwarec6eb.png]
[distractionkiller.wordpress.com/home/notification_software/index.html]
[s1.wp.com/wp-content/mu-plugins/akismet-3.0/_inc/formcd10.js]
[distractionkiller.files.wordpress.com/2016/11/block_software.png]
[s2.wp.com/_static/index1575.html]
[distractionkiller.wordpress.com/documents/block_software/feed/index.html]
[distractionkiller.files.wordpress.com/2016/11/block_softwarec6eb.png]
[distractionkiller.wordpress.com/documents/block_software/index.html]
[distractionkiller.files.wordpress.com/2016/11/notification_keyword.png]
[distractionkiller.files.wordpress.com/2016/11/notification_keywordc6eb.png]
[distractionkiller.wordpress.com/home/notification_keyword/index.html]
[distractionkiller.wordpress.com/home/notification_keyword/feed/index.html]
[distractionkiller.files.wordpress.com/2016/11/block_web.png]
[distractionkiller.wordpress.com/home/block_web/feed/index.html]
[distractionkiller.files.wordpress.com/2016/11/block_webc6eb.png]
[distractionkiller.wordpress.com/home/block_web/index.html]
[distractionkiller.files.wordpress.com/2016/11/leaving.png]
[distractionkiller.wordpress.com/home/leaving/feed/index.html]
[distractionkiller.files.wordpress.com/2016/11/leavingc6eb.png]
[distractionkiller.wordpress.com/home/leaving/index.html]
[distractionkiller.files.wordpress.com/2016/11/preference_web_-1.png]
[distractionkiller.wordpress.com/home/preference_web_-1/feed/index.html]
[distractionkiller.files.wordpress.com/2016/11/preference_web_-1c6eb.png]
[distractionkiller.wordpress.com/home/preference_web_-1/index.html]
[pixel.wp.com/g9818.gif]
[0.gravatar.com/js/gprofiles88e1.js]
[s1.wp.com/wp-content/mu-plugins/gravatar-hovercards/wpgrohoc3b6.js]
[distractionkiller.wordpress.com/ABCDEFGHIJKLMNOPQRSTUVWXYZabcdefghijklmnopqrstuvwxyz0123456789+/index.html]
[s0.wp.com/wp-content/mu-plugins/carousel/images/arrows.png]
[s0.wp.com/wp-content/mu-plugins/carousel/images/arrows-2x.png]
[s0.wp.com/wp-content/mu-plugins/carousel/images/carousel-spritee4da.png]
[s0.wp.com/wp-content/mu-plugins/carousel/images/carousel-sprite-2xe4da.png]
[s0.wp.com/wp-content/mu-plugins/carousel/jetpack-carousel8aea.css]
[s1.wp.com/wp-content/mu-plugins/tiled-gallery/tiled-galleryf830.css]
[pixel.wp.com/t.gif]
[stats.wp.com/wb53b.js]
[s1.wp.com/wp-content/mu-plugins/responsive-videos/responsive-videos47eb.css]
[s1.wp.com/_static/indexeafa.html]
[s1.wp.com/wp-content/mu-plugins/post-flair/sharing/images/icon-wordpress.png]
[s1.wp.com/wp-content/mu-plugins/post-flair/sharing/images/icon-twitter.png]
[s1.wp.com/wp-content/mu-plugins/post-flair/sharing/images/icon-facebook.png]
[s1.wp.com/wp-content/mu-plugins/post-flair/sharing/images/googleplus1.png]
[s1.wp.com/wp-content/mu-plugins/post-flair/sharing/images/icon-wordpress-2x.png]
[s1.wp.com/wp-content/mu-plugins/post-flair/sharing/images/icon-twitter-2x.png]
[s1.wp.com/wp-content/mu-plugins/post-flair/sharing/images/icon-facebook-2x.png]
[s1.wp.com/wp-content/mu-plugins/post-flair/sharing/images/googleplus1@2x.png]
[s1.wp.com/wp-content/mu-plugins/highlander-comments/images/postto-buttons.png]
[s1.wp.com/wp-content/mu-plugins/highlander-comments/images/button-back.gif]
[s1.wp.com/wp-content/mu-plugins/highlander-comments/images/button-back-over.gif]
[s1.wp.com/wp-content/mu-plugins/highlander-comments/images/loader.gif]
[s1.wp.com/wp-content/mu-plugins/highlander-comments/style0196.css]
[s2.wp.com/_static/index1575.html]
[s1.wp.com/wp-content/mu-plugins/akismet-3.0/_inc/formcd10.js]
[distractionkiller.wordpress.com/ABCDEFGHIJKLMNOPQRSTUVWXYZabcdefghijklmnopqrstuvwxyz0123456789+/index.html]
[distractionkiller.wordpress.com/g.html]
[distractionkiller.wordpress.com/c.html]
